>>> text_indentation = __import__('5-text_indentation').text_indentation
>>> text_indentation()
Traceback (most recent call last):
...
TypeError: text_indentation() missing 1 required positional argument: 'text'
>>> text_indentation(4)
Traceback (most recent call last):
...
TypeError: text must be a string
>>> text_indentation('what is going on?yes.this is the list')
what is going on?
<BLANKLINE>
yes.
<BLANKLINE>
this is the list
>>> text_indentation(' what is going on? yes . this is the list')
what is going on?
<BLANKLINE>
yes.
<BLANKLINE>
this is the list
